{".class": "MypyFile", "_fullname": "panel.template.golden", "is_partial_stub_package": false, "is_stub": false, "names": {".class": "SymbolTable", "BasicTemplate": {".class": "SymbolTableNode", "cross_ref": "panel.template.base.BasicTemplate", "kind": "Gdef"}, "Card": {".class": "SymbolTableNode", "cross_ref": "panel.layout.card.Card", "kind": "Gdef"}, "DarkTheme": {".class": "SymbolTableNode", "cross_ref": "panel.template.theme.DarkTheme", "kind": "Gdef"}, "DefaultTheme": {".class": "SymbolTableNode", "cross_ref": "panel.template.theme.DefaultTheme", "kind": "Gdef"}, "GoldenDarkTheme": {".class": "SymbolTableNode", "kind": "Gdef", "node": {".class": "TypeInfo", "_promote": null, "abstract_attributes": [], "bases": ["panel.template.theme.DarkTheme"], "declared_metaclass": null, "defn": {".class": "ClassDef", "fullname": "panel.template.golden.GoldenDarkTheme", "name": "GoldenDarkTheme", "type_vars": []}, "flags": ["fallback_to_any"], "fullname": "panel.template.golden.GoldenDarkTheme", "metaclass_type": null, "metadata": {}, "module_name": "panel.template.golden", "mro": ["panel.template.golden.GoldenDarkTheme", "panel.template.theme.DarkTheme", "panel.template.theme.Theme", "builtins.object"], "names": {".class": "SymbolTable", "_template": {".class": "SymbolTableNode", "kind": "Mdef", "node": {".class": "Var", "flags": ["is_initialized_in_class"], "fullname": "panel.template.golden.GoldenDarkTheme._template", "name": "_template", "type": null}}, "css": {".class": "SymbolTableNode", "kind": "Mdef", "node": {".class": "Var", "flags": ["is_initialized_in_class"], "fullname": "panel.template.golden.GoldenDarkTheme.css", "name": "css", "type": {".class": "AnyType", "missing_import_name": "panel.template.golden.param", "source_any": {".class": "AnyType", "missing_import_name": "panel.template.golden.param", "source_any": null, "type_of_any": 3}, "type_of_any": 7}}}}, "tuple_type": null, "type_vars": [], "typeddict_type": null}}, "GoldenDefaultTheme": {".class": "SymbolTableNode", "kind": "Gdef", "node": {".class": "TypeInfo", "_promote": null, "abstract_attributes": [], "bases": ["panel.template.theme.DefaultTheme"], "declared_metaclass": null, "defn": {".class": "ClassDef", "fullname": "panel.template.golden.GoldenDefaultTheme", "name": "GoldenDefaultTheme", "type_vars": []}, "flags": ["fallback_to_any"], "fullname": "panel.template.golden.GoldenDefaultTheme", "metaclass_type": null, "metadata": {}, "module_name": "panel.template.golden", "mro": ["panel.template.golden.GoldenDefaultTheme", "panel.template.theme.DefaultTheme", "panel.template.theme.Theme", "builtins.object"], "names": {".class": "SymbolTable", "_template": {".class": "SymbolTableNode", "kind": "Mdef", "node": {".class": "Var", "flags": ["is_initialized_in_class"], "fullname": "panel.template.golden.GoldenDefaultTheme._template", "name": "_template", "type": null}}, "css": {".class": "SymbolTableNode", "kind": "Mdef", "node": {".class": "Var", "flags": ["is_initialized_in_class"], "fullname": "panel.template.golden.GoldenDefaultTheme.css", "name": "css", "type": {".class": "AnyType", "missing_import_name": "panel.template.golden.param", "source_any": {".class": "AnyType", "missing_import_name": "panel.template.golden.param", "source_any": null, "type_of_any": 3}, "type_of_any": 7}}}}, "tuple_type": null, "type_vars": [], "typeddict_type": null}}, "GoldenTemplate": {".class": "SymbolTableNode", "kind": "Gdef", "node": {".class": "TypeInfo", "_promote": null, "abstract_attributes": [], "bases": ["panel.template.base.BasicTemplate"], "declared_metaclass": null, "defn": {".class": "ClassDef", "fullname": "panel.template.golden.GoldenTemplate", "name": "GoldenTemplate", "type_vars": []}, "flags": ["fallback_to_any"], "fullname": "panel.template.golden.GoldenTemplate", "metaclass_type": null, "metadata": {}, "module_name": "panel.template.golden", "mro": ["panel.template.golden.GoldenTemplate", "panel.template.base.BasicTemplate", "panel.template.base.BaseTemplate", "panel.viewable.ServableMixin", "builtins.object"], "names": {".class": "SymbolTable", "_apply_root": {".class": "SymbolTableNode", "kind": "Mdef", "node": {".class": "FuncDef", "arg_kinds": [0, 0, 0, 0], "arg_names": ["self", "name", "model", "tags"], "flags": [], "fullname": "panel.template.golden.GoldenTemplate._apply_root", "name": "_apply_root", "type": null}}, "_css": {".class": "SymbolTableNode", "kind": "Mdef", "node": {".class": "Var", "flags": ["is_initialized_in_class"], "fullname": "panel.template.golden.GoldenTemplate._css", "name": "_css", "type": null}}, "_modifiers": {".class": "SymbolTableNode", "kind": "Mdef", "node": {".class": "Var", "flags": ["is_initialized_in_class"], "fullname": "panel.template.golden.GoldenTemplate._modifiers", "name": "_modifiers", "type": {".class": "Instance", "args": [{".class": "CallableType", "arg_kinds": [2, 4], "arg_names": ["objects", "params"], "arg_types": [{".class": "AnyType", "missing_import_name": null, "source_any": null, "type_of_any": 1}, {".class": "AnyType", "missing_import_name": null, "source_any": null, "type_of_any": 1}], "bound_args": ["panel.layout.card.Card"], "def_extras": {}, "fallback": "builtins.type", "implicit": true, "is_ellipsis_args": false, "name": "Card", "ret_type": "panel.layout.card.Card", "type_guard": null, "variables": []}, {".class": "Instance", "args": ["builtins.str", {".class": "Instance", "args": ["builtins.str"], "type_ref": "typing.Collection"}], "type_ref": "builtins.dict"}], "type_ref": "builtins.dict"}}}, "_resources": {".class": "SymbolTableNode", "kind": "Mdef", "node": {".class": "Var", "flags": ["is_initialized_in_class"], "fullname": "panel.template.golden.GoldenTemplate._resources", "name": "_resources", "type": {".class": "Instance", "args": ["builtins.str", {".class": "Instance", "args": ["builtins.str", "builtins.str"], "type_ref": "builtins.dict"}], "type_ref": "builtins.dict"}}}, "_template": {".class": "SymbolTableNode", "kind": "Mdef", "node": {".class": "Var", "flags": ["is_initialized_in_class"], "fullname": "panel.template.golden.GoldenTemplate._template", "name": "_template", "type": null}}, "sidebar_width": {".class": "SymbolTableNode", "kind": "Mdef", "node": {".class": "Var", "flags": ["is_initialized_in_class"], "fullname": "panel.template.golden.GoldenTemplate.sidebar_width", "name": "sidebar_width", "type": {".class": "AnyType", "missing_import_name": "panel.template.golden.param", "source_any": {".class": "AnyType", "missing_import_name": "panel.template.golden.param", "source_any": null, "type_of_any": 3}, "type_of_any": 7}}}}, "tuple_type": null, "type_vars": [], "typeddict_type": null}}, "JS_URLS": {".class": "SymbolTableNode", "cross_ref": "panel.io.resources.JS_URLS", "kind": "Gdef"}, "__doc__": {".class": "SymbolTableNode", "kind": "Gdef", "node": {".class": "Var", "flags": ["is_ready"], "fullname": "panel.template.golden.__doc__", "name": "__doc__", "type": "builtins.str"}}, "__file__": {".class": "SymbolTableNode", "kind": "Gdef", "node": {".class": "Var", "flags": ["is_ready"], "fullname": "panel.template.golden.__file__", "name": "__file__", "type": "builtins.str"}}, "__name__": {".class": "SymbolTableNode", "kind": "Gdef", "node": {".class": "Var", "flags": ["is_ready"], "fullname": "panel.template.golden.__name__", "name": "__name__", "type": "builtins.str"}}, "__package__": {".class": "SymbolTableNode", "kind": "Gdef", "node": {".class": "Var", "flags": ["is_ready"], "fullname": "panel.template.golden.__package__", "name": "__package__", "type": "builtins.str"}}, "param": {".class": "SymbolTableNode", "kind": "Gdef", "node": {".class": "Var", "flags": ["is_suppressed_import", "is_ready"], "fullname": "panel.template.golden.param", "name": "param", "type": {".class": "AnyType", "missing_import_name": "panel.template.golden.param", "source_any": null, "type_of_any": 3}}}, "pathlib": {".class": "SymbolTableNode", "cross_ref": "pathlib", "kind": "Gdef"}}, "path": "/Users/gmatteo/miniconda3/envs/env3.9/lib/python3.9/site-packages/panel/template/golden/__init__.py"}